0 ||| this house ||| -1.866 -0.000 -0.000 -0.021 -1.000 -0.869 -1.000 -0.000 ||| -2.008
0 ||| a house ||| -1.888 -0.000 -0.228 -0.021 -1.000 -0.869 -0.900 -0.000 ||| -2.044
0 ||| house ||| -2.555 -0.022 -0.000 -0.021 -1.000 -0.434 -0.500 -0.000 ||| -2.653
0 ||| a small house ||| -2.279 -0.778 -0.228 -1.343 -1.000 -1.303 -0.900 -0.000 ||| -3.440
0 ||| this small house ||| -3.166 -1.301 -0.000 -1.343 -2.000 -1.303 -1.000 -0.000 ||| -4.836
0 ||| small house ||| -3.877 -1.301 -0.000 -1.343 -1.000 -0.869 -0.500 -0.000 ||| -5.481
0 ||| haus_OOV ||| -100.681 -0.000 -0.000 -0.000 -1.000 -0.434 -0.500 1.000 ||| -200.747
0 ||| ein_OOV house ||| -101.110 -0.000 -0.000 -0.021 -1.000 -0.869 -0.900 1.000 ||| -201.152
0 ||| dieses_OOV house ||| -101.110 -0.000 -0.000 -0.021 -1.000 -0.869 -1.000 1.000 ||| -201.252
0 ||| this haus_OOV ||| -101.827 -0.000 -0.000 -0.000 -2.000 -0.869 -1.000 1.000 ||| -201.959
0 ||| a haus_OOV ||| -101.827 -0.000 -0.228 -0.000 -1.000 -0.869 -0.900 1.000 ||| -201.973
0 ||| ein_OOV small house ||| -102.433 -1.301 -0.000 -1.343 -2.000 -1.303 -0.900 1.000 ||| -204.002
0 ||| dieses_OOV small house ||| -102.433 -1.301 -0.000 -1.343 -2.000 -1.303 -1.000 1.000 ||| -204.102
0 ||| ein_OOV haus_OOV ||| -200.681 -0.000 -0.000 -0.000 -2.000 -0.869 -0.900 2.000 ||| -400.713
0 ||| dieses_OOV haus_OOV ||| -200.681 -0.000 -0.000 -0.000 -2.000 -0.869 -1.000 2.000 ||| -400.813
